---
source: src/tui/ui/golden_frames.rs
expression: "frame_snapshot(&mut app, WIDTH, HEIGHT)"
---
== text 120x40 (trailing spaces trimmed) ==
00 |╭ Mail ──────────────────────────────────╮╭ Headers ───────────────────────────────────────────────────────────────────╮
01 |│> 󰅲 Inbox  5                            ││ From: Anna Weber <anna.weber@example.com>                                  │
02 |│  󰏫 Drafts  2                           ││ To: sylvain@example.org                                                    │
03 |│  󰑫 Sent 41                             ││ Subj: Re: Statusbericht KW31                                               │
04 |│  󰄼 Archive 128                         ││ Date: 2026-07-27  [inbox]                                                  │
05 |│                                        ││                                                                            │
06 |╰────────────────────────────────────────╯╰────────────────────────────────────────────────────────────────────────────╯
07 |╭ Inbox ─────────────────────────────────╮╭ Body ──────────────────────────────────────────────────────────────────────╮
08 |│      DATE       SUBJECT                ││Danke, sieht gut aus.                                                       │
09 |│󰄴    2026-07-28 󰃭  Einladung: Bauste… ││                                                                            │
10 |│󰄱     2026-07-27 Re: Statusbericht KW31 ││Ein Punkt bleibt offen: der export-Schritt.                                 │
11 |│󰄴    2026-07-26  Scan 2026-07-26 (3 … ││                                                                            │
12 |│󰄱     2026-07-24 Wochenrückblick: sehr… ││                                                                            │
13 |│󰄱     2026-07-21  Rechnung 2026-0714   ││                                                                            │
14 |│                                        ││                                                                            │
15 |│                                        ││                                                                            │
16 |│                                        ││                                                                            │
17 |│                                        ││                                                                            │
18 |│                                        ││                                                                            │
19 |│                                        ││                                                                            │
20 |│                                        ││                                                                            │
21 |│                                        ││                                                                            │
22 |│                                        ││                                                                            │
23 |│                                        ││                                                                            │
24 |│                                        ││                                                                            │
25 |│                                        ││                                                                            │
26 |│                                        ││                                                                            │
27 |│                                        ││                                                                            │
28 |╰────────────────────────────────────────╯│                                                                            │
29 |╭ Activity ──────────────────────────────╮│                                                                            │
30 |│  No activity yet                       ││                                                                            │
31 |│                                        ││                                                                            │
32 |│                                        ││                                                                            │
33 |│                                        ││                                                                            │
34 |╰────────────────────────────────────────╯│                                                                            │
35 |╭ View ──────────────────────────────────╮│                                                                            │
36 |│     mail  |  contacts  |  calendar     ││                                                                            │
37 |╰────────────────────────────────────────╯╰────────────────────────────────────────────────────────────────────────────╯
38 | 2 SELECTED   j/k Navigate  v Select  J / K Next/prev  Enter / e Open (read-only)  r Reply  a Archive  d Delete …
39 | ? help                                                                                    2 sel | 2 unread | Inbox 2/5
== style runs (col ranges are half-open; rows with no meaning-carrying style are omitted) ==
01 |bold@43..50
02 |bold@43..48
03 |bold@43..50
04 |bold@43..50
09 |fg:selection+bold@1..4 bold@4..5 fg:selection+bold@5..41
10 |bg:surface+fg:selection+bold@1..41 bg:surface@71..77
11 |fg:selection+bold@1..4 bold@4..5 fg:selection+bold@5..41
36 |bold@5..11
38 |bold@0..12 bg:surface@12..14 bg:surface+bold@14..17 bg:surface@17..28 bg:surface+bold@28..29 bg:surface@29..38 bg:surface+bold@38..43 bg:surface@43..55 bg:surface+bold@55..64 bg:surface@64..83 bg:surface+bold@83..84 bg:surface@84..92 bg:surface+bold@92..93 bg:surface@93..103 bg:surface+bold@103..104 bg:surface@104..120
39 |bg:surface@0..120
