---
source: src/tui/ui/golden_frames.rs
expression: "frame_snapshot(&mut app, WIDTH, HEIGHT)"
---
== text 120x40 (trailing spaces trimmed) ==
00 |╭ Inbox ───────────────────────────────────────────────────────────────────────────────────────────────────────────────╮
01 |│   DATE       CONTACT         SUBJECT                                                                                 │
02 |│  2026-07-28 Planung Muller… 󰃭  Einladung: Baustellenübergabe — 会 議  ✓                                              │
03 |│   2026-07-27 Anna Weber <an… Re: Statusbericht KW31                                                                  │
04 |│  2026-07-26 scanner@exampl…  Scan 2026-07-26 (3 Seiten)                                                            │
05 |│   2026-07-24 TUM Newsletter… Wochenrückblick: sehr langer Betreff der garantiert abgeschnitten wird                  │
06 |│   2026-07-21 buchhaltung@ex…  Rechnung 2026-0714                                                                    │
07 |│                                                                                                                      │
08 |│                                                                                                                      │
09 |│                                                                                                                      │
10 |│                                                                                                                      │
11 |│                                                                                                                      │
12 |│                                                                                                                      │
13 |│                                                                                                                      │
14 |│                                                                                                                      │
15 |│                                                                                                                      │
16 |│                                                                                                                      │
17 |│                                                                                                                      │
18 |│                                                                                                                      │
19 |│                                                                                                                      │
20 |│                                                                                                                      │
21 |│                                                                                                                      │
22 |│                                                                                                                      │
23 |│                                                                                                                      │
24 |│                                                                                                                      │
25 |│                                                                                                                      │
26 |│                                                                                                                      │
27 |│                                                                                                                      │
28 |│                                                                                                                      │
29 |│                                                                                                                      │
30 |│                                                                                                                      │
31 |│                                                                                                                      │
32 |│                                                                                                                      │
33 |│                                                                                                                      │
34 |│                                                                                                                      │
35 |│                                                                                                                      │
36 |│                                                                                                                      │
37 |╰──────────────────────────────────────────────────────────────────────────────────────────────────────────────────────╯
38 | MAIL ZOOM   j/k Navigate  v Select  J / K Next/prev  Enter / e Open (read-only)  r Reply  a Archive  d Delete  Esc Back
39 | ? help                                                                                            2 unread | Inbox 1/5
== style runs (col ranges are half-open; rows with no meaning-carrying style are omitted) ==
02 |bg:surface+fg:selection+bold@1..68 bg:surface+fg:selection+bold@69..70 bg:surface+fg:selection+bold@71..119
04 |bold@1..119
38 |bold@0..11 bg:surface@11..13 bg:surface+bold@13..16 bg:surface@16..27 bg:surface+bold@27..28 bg:surface@28..37 bg:surface+bold@37..42 bg:surface@42..54 bg:surface+bold@54..63 bg:surface@63..82 bg:surface+bold@82..83 bg:surface@83..91 bg:surface+bold@91..92 bg:surface@92..102 bg:surface+bold@102..103 bg:surface@103..112 bg:surface+bold@112..115 bg:surface@115..120
39 |bg:surface@0..120
